offset a = 0
offset b = 8
offset c = 16
offset d = 20
offset e = 24
offset f = 26
data=0000000000001240a8a7a6a5a4a3a2a100003642a4a3a2a1a2a1a5
**********
**********
