offset a = 0
offset b = 8
offset c = 16
offset d = 20
offset e = 24
offset f = 26
data=4012000000000000a1a2a3a4a5a6a7a842360000a1a2a3a4a1a2a5
**********
**********
